components/ArchitectureDoc.tsx(94,98): error TS1382: Unexpected token. Did you mean `{'>'}` or `&gt;`?
components/ArchitectureDoc.tsx(94,109): error TS1382: Unexpected token. Did you mean `{'>'}` or `&gt;`?
